## Default MIDI CC mapping

VOLUME = 7
OVERDRIVE = 8
DELAY_WET = 9
DELAY_RATE = 10
DELAY_RATE_RIGHT = 11 
DELAY_FEEDBACK = 12
DELAY_TYPE = 58
CHORUS_DEPTH = 13
BASS_BOOSTER_LEVEL = 56 

OSC1_WAVE = 14
OSC2_WAVE = 15
OSC2_TUNING = 16
OSC_NOISE_LEVEL = 113
OSC1_VOLUME = 17
OSC2_SYNC = 18
OSC2_AM = 19
OSC_GLIDE_RATE = 5
OSC_MONO = 20
OSC1_PULSE_WIDTH = 21 
OSC2_PULSE_WIDTH = 22
OSC2_VOLUME = 23
OSC_SUB_VOLUME = 93
OSC_SUB_LOW = 24
OSC_SUB_SQUARE = 57
OSC2_TUNING_FINE = 25

FILTER1_ON = 26
FILTER1_TYPE = 27
FILTER1_FREQ = 74
FILTER1_RESONANCE = 71
FILTER1_OVERLOAD = 28
FILTER1_TRACK_KEYBOARD = 29 

MOD_ENV1_A = 73
MOD_ENV1_D = 75
MOD_ENV1_S = 76
MOD_ENV1_R = 72
MOD_ENV1_LOOP = 30
# MOD_ENV1_PITCH_AMOUNT = 31 
MOD_ENV1_PITCH2_AMOUNT = 32
MOD_ENV1_PW1_AMOUNT = 33
MOD_ENV1_PW2_AMOUNT = 34
# MOD_ENV1_NOISE_AMOUNT = 35
MOD_ENV1_FILTER_AMOUNT = 108
# MOD_ENV1_VOL_AMOUNT = 36

MOD_ENV2_A = 106
MOD_ENV2_D = 107
MOD_ENV2_S = 110
MOD_ENV2_R = 109
MOD_ENV2_LOOP = 37
MOD_ENV2_PITCH_AMOUNT = 38
MOD_ENV2_PITCH2_AMOUNT = 39
MOD_ENV2_PW1_AMOUNT = 40
MOD_ENV2_PW2_AMOUNT = 41
MOD_ENV2_NOISE_AMOUNT = 42
MOD_ENV2_FILTER_AMOUNT = 43
MOD_ENV2_LFORATE_AMOUNT = 44

MOD_RATE = 70
MOD_LFO_TYPE = 45
MOD_LFO_RESET = 46
MOD_LFO_DELAY = 77
MOD_AMOUNT_BASE = 47
MOD_PITCH_AMOUNT = 89
MOD_PITCH2_AMOUNT = 48
MOD_PW1_AMOUNT = 94
MOD_PW2_AMOUNT = 49
MOD_DELAY_TIME_AMOUNT = 50 
MOD_FILTER1_AMOUNT = 51
MOD_VOL_AMOUNT = 52

MOD_VEL_VOL_AMOUNT = 53
MOD_VEL_FILTER_AMOUNT = 54
MOD_VEL_ATTACK_AMOUNT = 59
MOD_VEL_RELEASE_AMOUNT = 60
MOD_ENV2_OSC2_VOL_AMOUNT = 55

#CC_PARAM_SELECT = 102
#CC_PARAM_VALUE = 103
#CC_PROGRAM_CHANGE = 104 / 0=-1 / 127=+1
#CC_RANDOMIZE = 105;
#CC_LIMITER_ENABLE = 111;
