## Default MIDI CC mapping
AMP_ENV_A=73
AMP_ENV_D=75
AMP_ENV_R=72
AMP_ENV_S=76
AMP_ENV_VELOCITY_SENS=81
CHORUS_DEPTH=93
CHORUS_LFO_RATE=102
CHORUS_LFO_TYPE=103
FILTER_PARALLEL=104
FILTER_PARALLEL_MIX=105
FILTER1_ENV_A=106
FILTER1_ENV_D=107
FILTER1_ENV_DEPTH=108
FILTER1_ENV_R=109
FILTER1_ENV_S=110
FILTER1_ENV_VELOCITY_SENS=82
FILTER1_FREQ=74
FILTER1_ON=111
FILTER1_RESONANCE=71
FILTER1_TRACK_KEYBOARD=112
FILTER1_TYPE=113
FILTER2_ENV_A=114
FILTER2_ENV_D=115
FILTER2_ENV_DEPTH=116
FILTER2_ENV_R=117
FILTER2_ENV_S=118
FILTER2_ENV_VELOCITY_SENS=83
FILTER2_FREQ=119
FILTER2_ON=14
FILTER2_RESONANCE=15
FILTER2_TRACK_KEYBOARD=20
FILTER2_TYPE=21
MOD_AMOUNT_BASE=92
MOD_ENV1_A=23
MOD_ENV1_D=24
MOD_ENV1_NOISE_AMOUNT=25
MOD_ENV1_PITCH_AMOUNT=26
MOD_ENV1_PITCH2_AMOUNT=27
MOD_ENV1_R=28
MOD_ENV1_S=29
MOD_ENV1_WAVE_AMOUNT=30
MOD_FILTER1_AMOUNT=31
MOD_FILTER2_AMOUNT=85
MOD_LFO_RESET=22
MOD_LFO_TYPE=78
MOD_PITCH_AMOUNT=79
MOD_PITCH2_AMOUNT=3
MOD_RATE=9
MOD_WAVE1_AMOUNT=13
OSC_1_2_MIX=8
OSC_GLIDE_RATE=5
OSC_MONO=126
OSC_NOISE_LEVEL=86
OSC1_WAVE=70
OSC1_WAVE_SET=87
OSC2_AM=88
OSC2_SYNC=80
OSC2_TUNING=89
OSC2_TUNING_FINE=94
OSC2_WAVE=77
OSC2_WAVE_SET=90
OVERDRIVE=12
VOLUME=7
